Welcome to the Catalog of the Patricia D. Klingenstein Library of the New-York Historical Society

The Patricia D. Klingenstein Library at the New-York Historical Society is one of the oldest independent research libraries in the United States. Its extensive collections, dating from the sixteenth century to the present, provide unique insights into the history of New York and the nation.

Research is by appointment only and limited to those who have identified collections specific to the Patricia D. Klingenstein Library.

If youâ€™d like to schedule an appointment, email us at libraryappts@nyhistory.org.

If you have a reference question that does not require an onsite visit, contact us at reference@nyhistory.org, and a librarian will answer your email in 2-4 weeks.

For an overview of the Library and to learn more about the New-York Historical Society, visit our website.

Use the search box above to discover items in the New-York Historical Society collections. Use the links at right to register to use the library, explore finding aids, databases, and other resources, and to connect with the reference librarians and the department of rights and reproductions.

My Workspace
Collections Request System
Additional Options
Library Homepage
Manuscript Collections Finding Aids
Graphic Collections Finding Aids
Full-text Finding Aid Search
Dining Menus
Hotel Files
Apartment Building Files
Shelby White & Leon Levy Digital Library
Onsite Electronic Resources
E-mail Reference Form
Rights and Reproductions