Welcome!

This version of the catalog has been customized for Cooper Union. You will see similar versions at NYU and other participating libraries.

Need Help?
Contact Us
Cooper Library Access & Hours
Cooper Library Home Page